{"level":"info","service_name":"Soles_logger","service_version":"1.0.0","service_id":"97e4a27c-92dd-4757-bbf5-46f66e8cb2c3","env":"produccion","path":"PROD","env":"produccion","path":"PROD","timestamp":"2026-04-13T09:48:41.888435","message":"API Logger initialized"}
{"level":"info","env":"produccion","path":"PROD","service_name":"Soles_logger","service_version":"1.0.0","service_id":"61567bef-dc44-48b6-ae9d-76d52635d95b","env":"produccion","path":"PROD","timestamp":"2026-04-13T09:49:29.340117","message":"API Logger initialized"}
{"level":"info","service_id":"c3f0aeec-3139-4d20-b04b-d9f9a83e353c","env":"produccion","path":"PROD","service_name":"Soles_logger","service_version":"1.0.0","env":"produccion","path":"PROD","timestamp":"2026-04-13T09:50:46.994556","message":"API Logger initialized"}
{"level":"info","env":"produccion","path":"PROD","service_name":"Soles_logger","service_version":"1.0.0","service_id":"b3bb3307-95e9-4de4-969f-0b6d6c93885c","env":"produccion","path":"PROD","timestamp":"2026-04-13T09:58:14.640444","message":"API Logger initialized"}
{"level":"info","service_name":"Soles_logger","service_version":"1.0.0","service_id":"c2d82d0d-0d93-4cbb-a6c5-ad0133240c13","env":"produccion","path":"PROD","env":"produccion","path":"PROD","timestamp":"2026-04-13T10:01:18.871719","message":"API Logger initialized"}
{"level":"info","service_name":"Soles_logger","service_version":"1.0.0","service_id":"ee050993-85ee-4bc2-8650-cf0826d66544","env":"produccion","path":"PROD","env":"produccion","path":"PROD","timestamp":"2026-04-13T10:01:44.19057","message":"API Logger initialized"}
{"level":"info","service_name":"Soles_logger","service_version":"1.0.0","service_id":"766d71b3-94c3-4311-af8f-eb85ca92a969","env":"produccion","path":"PROD","env":"produccion","path":"PROD","timestamp":"2026-04-13T10:02:24.248282","message":"API Logger initialized"}
{"level":"info","service_name":"Soles_logger","service_version":"1.0.0","service_id":"81cc1908-3130-42d9-8f50-73e0e5eb20ed","env":"produccion","path":"PROD","env":"produccion","path":"PROD","timestamp":"2026-04-13T10:02:54.564159","message":"API Logger initialized"}
{"level":"info","service_name":"Soles_logger","service_version":"1.0.0","service_id":"1fccc2eb-599c-421d-abb6-59cc9e56b54a","env":"produccion","path":"PROD","env":"produccion","path":"PROD","timestamp":"2026-04-13T10:03:19.152175","message":"API Logger initialized"}
{"level":"info","service_name":"Soles_logger","service_version":"1.0.0","service_id":"e28785ac-5465-4afa-aac0-c2c88e0884c7","env":"produccion","path":"PROD","env":"produccion","path":"PROD","timestamp":"2026-04-13T10:03:38.848544","message":"API Logger initialized"}
{"level":"info","service_name":"Soles_logger","service_version":"1.0.0","service_id":"b219a31c-e0f1-4669-8e73-fdd8e1a3dcd2","env":"produccion","path":"PROD","env":"produccion","path":"PROD","timestamp":"2026-04-13T10:03:57.984378","message":"API Logger initialized"}
{"level":"info","service_name":"Soles_logger","service_version":"1.0.0","service_id":"c96bdf1c-4e98-4963-b136-54d6ffa9e3b1","env":"produccion","path":"PROD","env":"produccion","path":"PROD","timestamp":"2026-04-13T10:04:16.186939","message":"API Logger initialized"}
{"level":"info","service_version":"1.0.0","service_id":"673bf562-c5d1-478b-959a-8a804aed48e8","env":"produccion","path":"PROD","service_name":"Soles_logger","env":"produccion","path":"PROD","timestamp":"2026-04-13T10:04:35.189833","message":"API Logger initialized"}
{"level":"info","service_name":"Soles_logger","service_version":"1.0.0","service_id":"fffb98e3-4f87-480b-bc47-dd1c77863b42","env":"produccion","path":"PROD","env":"produccion","path":"PROD","timestamp":"2026-04-13T10:04:49.635814","message":"API Logger initialized"}
{"level":"info","env":"produccion","path":"PROD","service_name":"Soles_logger","service_version":"1.0.0","service_id":"1a888f9e-6fd0-4e8e-b6c5-13ea3824e353","env":"produccion","path":"PROD","timestamp":"2026-04-13T10:05:08.403421","message":"API Logger initialized"}
{"level":"info","service_name":"Soles_logger","service_version":"1.0.0","service_id":"1d360e3b-bf86-4929-ae85-c362c5d1d52d","env":"produccion","path":"PROD","env":"produccion","path":"PROD","timestamp":"2026-04-13T10:05:25.46715","message":"API Logger initialized"}
{"level":"info","service_version":"1.0.0","service_id":"f21c3fa2-b553-4491-bf2d-27f042622106","env":"produccion","path":"PROD","service_name":"Soles_logger","env":"produccion","path":"PROD","timestamp":"2026-04-13T10:05:40.935989","message":"API Logger initialized"}
{"level":"info","service_name":"Soles_logger","service_version":"1.0.0","service_id":"f314f05b-6656-4b1d-9cbd-a3426a2d94a5","env":"produccion","path":"PROD","env":"produccion","path":"PROD","timestamp":"2026-04-13T10:06:12.977478","message":"API Logger initialized"}
{"level":"info","service_name":"Soles_logger","service_version":"1.0.0","service_id":"b19113c8-944b-4225-a22c-31c14f21ebfa","env":"produccion","path":"PROD","env":"produccion","path":"PROD","timestamp":"2026-04-13T10:06:35.434835","message":"API Logger initialized"}
{"level":"info","service_version":"1.0.0","service_id":"b1c872da-d742-4f00-a9a7-de8ef4d75c43","env":"produccion","path":"PROD","service_name":"Soles_logger","env":"produccion","path":"PROD","timestamp":"2026-04-13T10:07:53.627025","message":"API Logger initialized"}
{"level":"info","service_name":"Soles_logger","service_version":"1.0.0","service_id":"e4ef0884-ad49-41ea-a915-96ad1a5409a1","env":"produccion","path":"PROD","env":"produccion","path":"PROD","timestamp":"2026-04-13T10:08:37.942257","message":"API Logger initialized"}
{"level":"info","service_name":"Soles_logger","service_version":"1.0.0","service_id":"85bd8656-bdcb-4df8-a8c2-2d0eac151f8b","env":"produccion","path":"PROD","env":"produccion","path":"PROD","timestamp":"2026-04-13T10:09:02.496517","message":"API Logger initialized"}
{"level":"info","service_name":"Soles_logger","service_version":"1.0.0","service_id":"be5f688e-2628-48df-bc0c-f1fae4a3c864","env":"produccion","path":"PROD","env":"produccion","path":"PROD","timestamp":"2026-04-13T10:27:28.34955","message":"API Logger initialized"}
{"level":"info","service_name":"Soles_logger","service_version":"1.0.0","service_id":"e25bfab7-b14a-4ba2-b007-7aafa02c42d4","env":"produccion","path":"PROD","env":"produccion","path":"PROD","timestamp":"2026-04-13T10:32:44.202941","message":"API Logger initialized"}
{"level":"info","service_name":"Soles_logger","service_version":"1.0.0","service_id":"93711df2-356a-41ee-9115-f881d7dfc9f3","env":"produccion","path":"PROD","env":"produccion","path":"PROD","timestamp":"2026-04-13T10:33:28.626712","message":"API Logger initialized"}
{"level":"info","env":"produccion","path":"PROD","service_name":"Soles_logger","service_version":"1.0.0","service_id":"880df3d1-db09-4cbc-8c8a-0e19fbfb1801","env":"produccion","path":"PROD","timestamp":"2026-04-13T10:35:46.687725","message":"API Logger initialized"}
{"level":"info","env":"produccion","path":"PROD","service_name":"Soles_logger","service_version":"1.0.0","service_id":"35f2cdfc-1b68-4d16-b3e0-285db024a040","Usuario":"bdsyc","Dispositivo":"LAPTOP-FGQ7T2DS","env":"produccion","path":"PROD","timestamp":"2026-04-13T10:36:14.213069","message":"API Logger initialized"}
{"level":"info","env":"produccion","path":"PROD","service_name":"Soles_logger","service_version":"1.0.0","service_id":"e9439f1f-e189-4fbe-8312-e1bc5f856f65","env":"produccion","path":"PROD","timestamp":"2026-04-13T10:39:11.235987","message":"API Logger initialized"}
{"level":"info","env":"produccion","path":"PROD","service_name":"Soles_logger","service_version":"1.0.0","service_id":"e9439f1f-e189-4fbe-8312-e1bc5f856f65","Usuario":"bdsyc","Dispositivo":"LAPTOP-FGQ7T2DS","banco":"0001","url":"http://192.168.100.230:8082/simf/api/v1/config/solest","body":"{\"Activar\":true,\"TiempoDeEsperaEntreBucles\":10,\"NumeroDeSolicitudesPorBucle\":10,\"NumeroMaximoDeSolicitudesPorOperacion\":5}","timestamp":"2026-04-13T10:42:52.710244","message":"POST solest config: body enviado al banco"}
{"level":"info","service_version":"1.0.0","service_id":"52ab5405-a716-4684-b09c-afdfd77e41f3","env":"produccion","path":"PROD","service_name":"Soles_logger","env":"produccion","path":"PROD","timestamp":"2026-04-13T10:53:22.286438","message":"API Logger initialized"}
{"level":"info","service_version":"1.0.0","service_id":"52ab5405-a716-4684-b09c-afdfd77e41f3","env":"produccion","path":"PROD","service_name":"Soles_logger","Usuario":"bdsyc","Dispositivo":"LAPTOP-FGQ7T2DS","banco":"0102","url":"http://192.168.100.010:8082/simf/api/v1/config/solest","body":"{\"Activar\":true,\"TiempoDeEsperaEntreBucles\":10,\"NumeroDeSolicitudesPorBucle\":10,\"NumeroMaximoDeSolicitudesPorOperacion\":5}","timestamp":"2026-04-13T10:56:10.90441","message":"POST solest config: body enviado al banco"}
{"level":"info","service_name":"Soles_logger","service_version":"1.0.0","service_id":"482e1884-dc69-41c4-b8f5-d85081a1d2fa","env":"produccion","path":"PROD","env":"produccion","path":"PROD","timestamp":"2026-04-13T11:26:32.86023","message":"API Logger initialized"}
{"level":"info","service_id":"c9a63ed2-c02c-444b-9d24-efa88451d966","env":"produccion","path":"PROD","service_name":"Soles_logger","service_version":"1.0.0","env":"produccion","path":"PROD","timestamp":"2026-04-13T11:31:46.052754","message":"API Logger initialized"}
{"level":"info","service_name":"Soles_logger","service_version":"1.0.0","service_id":"635d69e4-4359-4a50-a5e6-9cd8bdf7cf3b","env":"produccion","path":"PROD","env":"produccion","path":"PROD","timestamp":"2026-04-13T11:35:46.324049","message":"API Logger initialized"}
{"level":"info","service_name":"Soles_logger","service_version":"1.0.0","service_id":"635d69e4-4359-4a50-a5e6-9cd8bdf7cf3b","env":"produccion","path":"PROD","Usuario":"bdsyc","Dispositivo":"LAPTOP-FGQ7T2DS","banco":"0102","url":"http://192.168.100.010:8082/simf/api/v1/config/solest","body":"{\"Activar\":true,\"TiempoDeEsperaEntreBucles\":10,\"NumeroDeSolicitudesPorBucle\":10,\"NumeroMaximoDeSolicitudesPorOperacion\":5}","timestamp":"2026-04-13T11:40:47.198605","message":"POST solest config: body enviado al banco"}
{"level":"info","path":"PROD","service_name":"Soles_logger","service_version":"1.0.0","service_id":"ff620bb1-5fec-4d01-b4a4-09299a1d2b1e","env":"produccion","env":"produccion","path":"PROD","timestamp":"2026-04-13T11:45:11.302394","message":"API Logger initialized"}
{"level":"info","service_name":"Soles_logger","service_version":"1.0.0","service_id":"6f5be8dc-831d-426d-aa67-d9d42036cded","env":"produccion","path":"PROD","env":"produccion","path":"PROD","timestamp":"2026-04-13T11:48:24.255335","message":"API Logger initialized"}
{"level":"info","service_name":"Soles_logger","service_version":"1.0.0","service_id":"f021ba01-28b2-4fd1-948b-35bbbe0577aa","env":"produccion","path":"PROD","env":"produccion","path":"PROD","timestamp":"2026-04-13T11:55:39.61817","message":"API Logger initialized"}
{"level":"info","service_name":"Soles_logger","service_version":"1.0.0","service_id":"a632fee8-6909-4088-8a70-7780c4fee592","env":"produccion","path":"PROD","env":"produccion","path":"PROD","timestamp":"2026-04-13T12:02:37.686632","message":"API Logger initialized"}
{"level":"info","service_name":"Soles_logger","service_version":"1.0.0","service_id":"a632fee8-6909-4088-8a70-7780c4fee592","env":"produccion","path":"PROD","Usuario":"bdsyc","Dispositivo":"LAPTOP-FGQ7T2DS","banco":"0102","url":"http://192.168.100.111:8082/simf/api/v1/config/solest","body":"{\"Activar\":true,\"TiempoDeEsperaEntreBucles\":10,\"NumeroDeSolicitudesPorBucle\":10,\"NumeroMaximoDeSolicitudesPorOperacion\":5}","timestamp":"2026-04-13T12:08:24.433744","message":"POST solest config: body enviado al banco"}
{"level":"info","service_name":"Soles_logger","service_version":"1.0.0","service_id":"3383e8f4-6abc-4c54-b1ba-b3a06a50892d","env":"produccion","path":"PROD","env":"produccion","path":"PROD","timestamp":"2026-04-13T12:08:45.568855","message":"API Logger initialized"}
{"level":"info","service_name":"Soles_logger","service_version":"1.0.0","service_id":"4abae1f6-37b6-444f-91da-e2b862dcff7f","env":"produccion","path":"PROD","env":"produccion","path":"PROD","timestamp":"2026-04-13T13:30:23.57188","message":"API Logger initialized"}
{"level":"info","service_name":"Soles_logger","service_version":"1.0.0","service_id":"4abae1f6-37b6-444f-91da-e2b862dcff7f","env":"produccion","path":"PROD","Usuario":"bdsyc","Dispositivo":"LAPTOP-FGQ7T2DS","banco":"0001","url":"http://192.168.100.230:8082/simf/api/v1/config/solest","body":"{\"Activar\":true,\"TiempoDeEsperaEntreBucles\":10,\"NumeroDeSolicitudesPorBucle\":10,\"NumeroMaximoDeSolicitudesPorOperacion\":5}","timestamp":"2026-04-13T13:31:54.106506","message":"POST solest config: body enviado al banco"}
{"level":"info","service_name":"Soles_logger","service_version":"1.0.0","service_id":"107f3f44-d806-4130-a48a-107c3a056b00","env":"produccion","path":"PROD","env":"produccion","path":"PROD","timestamp":"2026-04-13T13:54:19.224636","message":"API Logger initialized"}
{"level":"info","service_name":"Soles_logger","service_version":"1.0.0","service_id":"98a8967f-c7a9-4f24-a786-75bd589ab54b","env":"produccion","path":"PROD","env":"produccion","path":"PROD","timestamp":"2026-04-13T13:56:22.414341","message":"API Logger initialized"}
{"level":"info","env":"produccion","path":"PROD","service_name":"Soles_logger","service_version":"1.0.0","service_id":"7902ad3c-604a-428f-a8d3-4b995321446f","env":"produccion","path":"PROD","timestamp":"2026-04-13T14:36:46.815058","message":"API Logger initialized"}
{"level":"info","service_name":"Soles_logger","service_version":"1.0.0","service_id":"f05b0f7c-4c2a-4065-aecf-151e434abc97","env":"produccion","path":"PROD","env":"produccion","path":"PROD","timestamp":"2026-04-13T14:41:31.254846","message":"API Logger initialized"}
{"level":"info","service_id":"ab0b177f-6eac-4827-960a-64d6e78f5c6b","env":"produccion","path":"PROD","service_name":"Soles_logger","service_version":"1.0.0","env":"produccion","path":"PROD","timestamp":"2026-04-13T14:44:23.348318","message":"API Logger initialized"}
{"level":"info","path":"PROD","service_name":"Soles_logger","service_version":"1.0.0","service_id":"2aadb623-beff-4c08-9f74-42b070da8e86","env":"produccion","env":"produccion","path":"PROD","timestamp":"2026-04-13T14:49:49.682566","message":"API Logger initialized"}
{"level":"info","service_name":"Soles_logger","service_version":"1.0.0","service_id":"f93fca7e-ac60-4271-ac57-cce16af712b0","env":"produccion","path":"PROD","env":"produccion","path":"PROD","timestamp":"2026-04-13T15:35:22.438864","message":"API Logger initialized"}
{"level":"info","path":"PROD","service_name":"Soles_logger","service_version":"1.0.0","service_id":"5a670934-1ad8-40c8-8339-8fce66855464","env":"produccion","env":"produccion","path":"PROD","timestamp":"2026-04-13T15:36:21.505033","message":"API Logger initialized"}
{"level":"info","env":"produccion","path":"PROD","service_name":"Soles_logger","service_version":"1.0.0","service_id":"e7bc8872-ee80-4b63-b76d-90d1a09c4d99","env":"produccion","path":"PROD","timestamp":"2026-04-13T15:40:33.755023","message":"API Logger initialized"}
{"level":"info","service_name":"Soles_logger","service_version":"1.0.0","service_id":"0a30f198-363b-498c-b028-f0e3196d2c06","env":"produccion","path":"PROD","env":"produccion","path":"PROD","timestamp":"2026-04-13T15:56:46.711305","message":"API Logger initialized"}
{"level":"info","service_name":"Soles_logger","service_version":"1.0.0","service_id":"d28c64bf-3c0d-4dc7-a681-18c1cc7bdadd","env":"produccion","path":"PROD","env":"produccion","path":"PROD","timestamp":"2026-04-13T15:57:26.277278","message":"API Logger initialized"}
